
================================================================================
1. GAP CONSTANTS (two spaces between paired boundaries)
================================================================================
  G_low  = (N-2^134) - 2^134     = 115792089237316195423570985008687907809281421313194781059293213390251830427969
         = N - 2^135             = 115792089237316195423570985008687907809281421313194781059293213390251830427969  match? True
  G_high = mirror_lo - TOP        = 115792089237316195423570985008687907765725278347314657735981263638985499361601
         = N - 2^136             = 115792089237316195423570985008687907765725278347314657735981263638985499361601  match? True
  G_low - G_high = 43556142965880123323311949751266331066368 = 2^135 = 43556142965880123323311949751266331066368

  delta_gap(G_low)  = p - G_low = 43988563352445782980164370617657004243694 = delta + 2^135? True
  delta_gap(G_high) = p - G_high = 87544706318325906303476320368923335310062 = delta + 2^136? True
  defect(LO) = 22210491869505721318508395742023838710510 = delta + 2^134
  defect(TOP)= 43988563352445782980164370617657004243693 = delta + 2^135 - 1
  offset gap_lo vs defect(LO) = 21778071482940061661655974875633165533184 = 2^134? True
  offset gap_hi vs defect(TOP) at G_high ref = 43556142965880123323311949751266331066369 = 2^135+1? True

================================================================================
2. FOUR CORNER DELTAS
================================================================================
  A +d floor: delta=-21345651096374402004803554009242492355858  expected=-21345651096374402004803554009242492355858  OK
  B +d ceiling ref: delta=43988563352445782980164370617657004243694  expected=43988563352445782980164370617657004243694  OK
  C mirror high: delta=22210491869505721318508395742023838710510  expected=22210491869505721318508395742023838710510  OK
  D mirror low: delta=43988563352445782980164370617657004243695  expected=43988563352445782980164370617657004243695  OK
  A +d floor: boundary=21778071482940061661655974875633165533184  N_ref=115792089237316195423570985008687907874615635762014966044261138017151327027521
    delta = -21345651096374402004803554009242492355858  (from global = -21778071482940061661655974875633165533184)
  B +d ceiling ref: boundary=43556142965880123323311949751266331066367  N_ref=115792089237316195423570985008687907809281421313194781059293213390251830427969
    delta = 43988563352445782980164370617657004243694  (from global = 43556142965880123323311949751266331066368)
  C mirror high: boundary=115792089237316195423570985008687907831059492796134842720949188265884995961153  N_ref=115792089237316195423570985008687907831059492796134842720949188265884995961153
    delta = 22210491869505721318508395742023838710510  (from global = 21778071482940061661655974875633165533184)
  D mirror low: boundary=115792089237316195423570985008687907809281421313194781059293213390251830427968  N_ref=115792089237316195423570985008687907809281421313194781059293213390251830427968
    delta = 43988563352445782980164370617657004243695  (from global = 43556142965880123323311949751266331066369)

================================================================================
3. INTERIOR IDENTITY: defect(d) = delta + d = p - (N - d)
================================================================================
       d  defect==p-(N-d)  rho=d
  21778071482940061661655974875633165533184  True  rho=21778071482940061661655974875633165533184
  21778071482940061661655974875633165533185  True  rho=21778071482940061661655974875633165533185
  43556142965880123323311949751266331066366  True  rho=43556142965880123323311949751266331066366
  43556142965880123323311949751266331066367  True  rho=43556142965880123323311949751266331066367
  38111625095145107907897956032358039683072  True  rho=38111625095145107907897956032358039683072

================================================================================
4. MIRROR +2 AT CEILING (N-(2^135+1) pairs 2^135-1)
================================================================================
  naive N-TOP = 115792089237316195423570985008687907809281421313194781059293213390251830427970
  user MIRROR_LO = 115792089237316195423570985008687907809281421313194781059293213390251830427968
  difference = 2 (should be 2)
  defect(TOP) vs delta_D = 43988563352445782980164370617657004243693 vs 43988563352445782980164370617657004243695  diff=2

================================================================================
python : Traceback (most recent call last):
At C:\Users\mitch\AppData\Local\Temp\ps-script-8f39125d-ffbf-4f05-bbc0-d438bba9a86d.ps1:70 char:38
+ ... h\Desktop\secp256k1; python gap_new_n_relative_offset.py 2>&1 | Out-F ...
+                          ~~~~~~~~~~~~~~~~~~~~~~~~~~~~~~~~~~~~~~~~
    + CategoryInfo          : NotSpecified: (Traceback (most recent call last)::String) [], RemoteException
    + FullyQualifiedErrorId : NativeCommandError
 
  File "C:\Users\mitch\Desktop\secp256k1\gap_new_n_relative_offset.py", line 422, in <module>
    sys.exit(main())
             ~~~~^^
  File "C:\Users\mitch\Desktop\secp256k1\gap_new_n_relative_offset.py", line 320, in main
    section("5. RELATIVE OFFSET ALONG LANE (gap \u03b4 vs defect \u03b4)")
    ~~~~~~~^^^^^^^^^^^^^^^^^^^^^^^^^^^^^^^^^^^^^^^^^^^^^^^^^^^^^
  File "C:\Users\mitch\Desktop\secp256k1\gap_new_n_relative_offset.py", line 77, in section
    print(title)
    ~~~~~^^^^^^^
  File "C:\Python314\Lib\encodings\cp1252.py", line 19, in encode
    return codecs.charmap_encode(input,self.errors,encoding_table)[0]
           ~~~~~~~~~~~~~~~~~~~~~^^^^^^^^^^^^^^^^^^^^^^^^^^^^^^^^^^
UnicodeEncodeError: 'charmap' codec can't encode character '\u03b4' in position 35: character maps to <undefined>
