=== N-side row-constant cross-puzzle experiment ===
delta = p - N = 432420386565659656852420866390673177326
DELTA_CUBE_ROOTS_N (fixed global) = [1248780847746852317428964695904392891045016528862400526454142780194939123483, 21551977082208859489759061364299864038123955443494189974630776168682352336746, 92991331307360483616382958948483650923668592306718313881520244192640870034108]

=== P125 row=1 ===
  A = [96064318854853840055241513005196803036363791272938706052997718353328297888280, 78300665664896685295970520610843248439519563289649892961504641492480890417177, 109320463244147057945240925563994922678760934151779085420841600360594532496556]
  B = [50096291515452674502941061165969733667261830384981190607043856688851127066159, 7279749001015865101433107308932000286965187829479087869599539753145070617798, 31453710413896919532084350034390102559864007747113431861777568128155717993741]
  C = [55906586853659007710717600896764026541717243189932247781556405207945336504886, 22042881298651546927874521268869022120547101364992813804152799195491016226442, 69479929808368625786751968755152177614549523275769168532103058161222406022714]
  C_active (row 1) = 22042881298651546927874521268869022120547101364992813804152799195491016226442
  Lambda_N(row) = 22042881298651546927874521268869022120547101364992813804152799195491016226442
  C_active == Lambda_N? True
  known d bits = 125
  C_active == d? False
  C_active == offset? False
  (C_active - d) mod LO bits = 121

=== P130 row=0 ===
  A = [68108237685492131658541379542387092417469585421274307269253479794440090501989, 92045541958712875912605447883390658308676060225781064395052145585125523157065, 82589155237567354355842010896145396859392733422409414461134123029682273660094]
  B = [115147428871528427775400422909992410703591914418378923900623094500474258228148, 2294865976566658032733045776207022797921349795869790205083178058348936251988, 78881497671875950778633899015951398713533240097891882504047834105227411826626]
  C = [85154287867522972758324481087380555301852519936912181621550621635877952073160, 1433778209299175038255579059630424765980788641338622312353416985123895124467, 19927936625331156965644498098297796693913428446632285408092134890782801012489]
  C_active (row 0) = 85154287867522972758324481087380555301852519936912181621550621635877952073160
  Lambda_N(row) = 85154287867522972758324481087380555301852519936912181621550621635877952073160
  C_active == Lambda_N? True
  known d bits = 130
  C_active == d? False
  C_active == offset? False
  (C_active - d) mod LO bits = 125

=== P135 row=2 ===
  A = [110303613183173619070005004950951141822761006154452366121059932617105305203591, 37628937719204987569118501927276474376780272701331388502075722725963616434255, 115385947541263742633187208267139409497012868775029296180594340054555875151570]
  B = [108321961018303093965410447722799819186165561577093153957303218829497782085445, 94515393911055485489534435662770307394626928872293944908496216734671957844428, 48261027179003149647113971571863869001917945809466913909493057406708732087540]
  C = [81574509525433930702613333856064887339358444966912371534240552433813840851578, 81974161265050244275206037398950321038310960544363266622741584397241973129147, 107329397079532295557318141750802481743365519021307735330654746890138631346025]
  C_active (row 2) = 107329397079532295557318141750802481743365519021307735330654746890138631346025
  Lambda_N(row) = 107329397079532295557318141750802481743365519021307735330654746890138631346025
  C_active == Lambda_N? True

=== P140 row=1 ===
  A = [5175791969274613239539619229124083147927016392824644847999309606623210411116, 55438770903734621216197552464636552344654478472459483775390955557632425548475, 97718327748450993589211001226322687878928556998653215758998241820581946183539]
  B = [81156578055849279474023482613385909039510796470452599120680210430705650118567, 70575632197381868092387564569279264520847628629631612119857009380867243784641, 87899066145205191710576866515350935628633212002472281462295981908145384005799]
  C = [67631073846024002612713643245297508235915215641261829701360024973213369749508, 55680063555670412753779251040578949759847683932401032729812526657573283189593, 86808600241626288393891061600087495973315944542598383508132217451066034616818]
  C_active (row 1) = 55680063555670412753779251040578949759847683932401032729812526657573283189593
  Lambda_N(row) = 55680063555670412753779251040578949759847683932401032729812526657573283189593
  C_active == Lambda_N? True
  known d bits = 0
  C_active == d? False
  C_active == offset? False
  (C_active - d) mod LO bits = 139

=== P145 row=1 ===
  A = [104004823456456021863196272964023656771196159638669003148118378478288776796310, 74125736923344906631393806330545185831989122409814268658944379520951024245456, 97099969395928993900685239902058424125547830333935635108133796761493397913189]
  B = [87322490014909581096357097234805969067868129256882890686838725554262498281256, 23686019261439617793537724381722730345865907600905823235856146726662644172315, 105423157557542806337860607943804721091002507809434995867272120302149781318035]
  C = [96540605753147750341960893966233753428575265753366926642755555579080449083533, 91201970964553758386704769785721929708740882938477104465813125501378263052568, 110781829003996510544098345337125680367665935748816494735583362706165481055489]
  C_active (row 1) = 91201970964553758386704769785721929708740882938477104465813125501378263052568
  Lambda_N(row) = 91201970964553758386704769785721929708740882938477104465813125501378263052568
  C_active == Lambda_N? True
  known d bits = 0
  C_active == d? False
  C_active == offset? False
  (C_active - d) mod LO bits = 144

=== CROSS-PUZZLE: row constants vs P130 ===
P125 vs P130:
  same row index? False
  delta A1 bits=254  delta mod delta==0? False
  delta A2 bits=256  delta mod delta==0? False
  delta A3 bits=254  delta mod delta==0? False
  delta B1 bits=255  delta mod delta==0? False
  delta B2 bits=252  delta mod delta==0? False
  delta B3 bits=256  delta mod delta==0? False
  delta C1 bits=256  delta mod delta==0? False
  delta C2 bits=254  delta mod delta==0? False
  delta C3 bits=255  delta mod delta==0? False
  delta C_active bits=255

P135 vs P130:
  same row index? False
  delta A1 bits=255  delta mod delta==0? False
  delta A2 bits=256  delta mod delta==0? False
  delta A3 bits=255  delta mod delta==0? False
  delta B1 bits=256  delta mod delta==0? False
  delta B2 bits=256  delta mod delta==0? False
  delta B3 bits=256  delta mod delta==0? False
  delta C1 bits=256  delta mod delta==0? False
  delta C2 bits=256  delta mod delta==0? False
  delta C3 bits=256  delta mod delta==0? False
  delta C_active bits=254

P140 vs P130:
  same row index? False
  delta A1 bits=255  delta mod delta==0? False
  delta A2 bits=256  delta mod delta==0? False
  delta A3 bits=254  delta mod delta==0? False
  delta B1 bits=256  delta mod delta==0? False
  delta B2 bits=256  delta mod delta==0? False
  delta B3 bits=253  delta mod delta==0? False
  delta C1 bits=256  delta mod delta==0? False
  delta C2 bits=255  delta mod delta==0? False
  delta C3 bits=256  delta mod delta==0? False
  delta C_active bits=256

P145 vs P130:
  same row index? False
  delta A1 bits=255  delta mod delta==0? False
  delta A2 bits=256  delta mod delta==0? False
  delta A3 bits=254  delta mod delta==0? False
  delta B1 bits=256  delta mod delta==0? False
  delta B2 bits=254  delta mod delta==0? False
  delta B3 bits=254  delta mod delta==0? False
  delta C1 bits=253  delta mod delta==0? False
  delta C2 bits=256  delta mod delta==0? False
  delta C3 bits=256  delta mod delta==0? False
  delta C_active bits=252

=== PATTERN: C_active vs shelf2 / Lambda_N (solved only) ===
P125: C_active==Lambda_N True  |C_active-shelf2|_LO bits=124  |C_active-d|_LO bits=121
P130: C_active==Lambda_N True  |C_active-shelf2|_LO bits=127  |C_active-d|_LO bits=125
P140: C_active==Lambda_N True  |C_active-shelf2|_LO bits=137  |C_active-d|_LO bits=139
P145: C_active==Lambda_N True  |C_active-shelf2|_LO bits=144  |C_active-d|_LO bits=144

=== INVARIANT RANKING (empirical) ===
  A_i,B_i,C_i identical to P130 across all? False
  C_active identical to P130 across all? False
  -> Row constants are PUZZLE-DEPENDENT (vary with Px/rx triple), not global.
  -> Scale laws (shelf2 bits, gap bits) track n; row constants do not.

Verdict: test whether DELTA-multiple or n-linear law fits C_active deltas (manual).
