=== delta = p - N (global) ===
delta = 432420386565659656852420866390673177326
delta cube roots N (fixed): [1248780847746852317428964695904392891045016528862400526454142780194939123483, 21551977082208859489759061364299864038123955443494189974630776168682352336746, 92991331307360483616382958948483650923668592306718313881520244192640870034108]

=== P130 row=0 ===
  lambda_ns = [58720544384291228850270827464319524948288760719578237774541954072949559772062, 109495138329348599132528769455762492535380213440097289149876015305829296586276, 109252206536880219404479314039994742390175235377732653899790997921029484798029]
  lambda_p(row) = 17634244622537892316205092885185285569817520399194948034556619813791885842750
  family_prod = 88224892652325478178038787192173679442877404891291039699817746281706882708419
  gap (bridge_state) = 0
  gap_row mod LO = 645355932311401474522996086589783239264 (129 bits)
  defect+LO bits=130 defect+TOP bits=131
  shelf2 bits=130
  known d bits=130

=== P135 row=2 ===
  lambda_ns = [81574509525433930702613333856064887339358444966912371534240552433813840851578, 81974161265050244275206037398950321038310960544363266622741584397241973129147, 107329397079532295557318141750802481743365519021307735330654746890138631346025]
  lambda_p(row) = 97451685862885086182458552040892158509924235661624603229050850812487253689501
  family_prod = 3820628127091453859030266576898546114566560342084415068589713593856641559477
  gap (bridge_state) = 25754887554098364854704807894737594404007074054395363796414194456324790494447
  gap_row mod LO = 19689742432503126329767669131687425741516 (134 bits)
  defect+LO bits=135 defect+TOP bits=136
  shelf2 bits=135

=== P140 row=1 ===
  lambda_ns = [90171160316398092828688006027841951798983523882053643679968004788912611394763, 35543271254651863178531741967456561048419867471270547329821463286457321528715, 83680210710957304196941037965889195394535258266282520252566856600301302120502]
  lambda_p(row) = 61576150023068137427046600432682898423849469955572134008074664414379510488284
  family_prod = 83080124050709815881282983163812208602026828669881380838013782691609232999413
  gap (bridge_state) = 61164200175569965773414720948302517102273907868291808032458621639062871628289
  gap_row mod LO = 272526599910519568545491288160960898908335 (138 bits)
  defect+LO bits=140 defect+TOP bits=141
  shelf2 bits=140

=== P145 row=1 ===
  lambda_ns = [33308127389012552399013180024517857647836385661418183959163279736552993707950, 99373097187111750861930976238269326892401072726781863886519291603413217166374, 6590831339569391671902331318386358779703274790835450603772675202790115528595]
  lambda_p(row) = 75322975968243227704411546119400444381796985594013740744538476777526098379745
  family_prod = 17223454203431633263648228086654637928050976880076762669117607480942322615445
  gap (bridge_state) = 66064969798099198462917796213751469244564687065363679927356011866860223458424
  gap_row mod LO = 15498128509126275692614394507062164059193413 (144 bits)
  defect+LO bits=145 defect+TOP bits=146
  shelf2 bits=145

=== CROSS-PUZZLE INVARIANT CHECK ===
P135 vs P130:
  same row? False
  family_prod match? False
  lambda_ns equal? False
  delta_family bits=255

P140 vs P130:
  same row? False
  family_prod match? False
  lambda_ns equal? False
  delta_family bits=256

P145 vs P130:
  same row? False
  family_prod match? False
  lambda_ns equal? False
  delta_family bits=255

