=== P135 N-GAP TRANSPORT HUNT ===
law: px^3 + 4 == py^2 - 3  (mod p)
N gap = (py^2 - 3) - (px^3 + 4) mod N
anchor rx tail ...368  bridge ry tail ...644
lhs (x^3+4) mod N tail ...768
rhs (y^2-3) mod N tail ...962
anchor gap tail ...194
anchor gap head2 14 head3 148
band: [21778071482940061661655974875633165533184, 43556142965880123323311949751266331066368)

solved puzzles with exact anchor gap: 0
solved puzzles with gap head2 match: 1

shelf2 from P130: 971482688560753289275971365118233392492
offset window ob135: [10889035741470030830827987437816582766592, 21778071482940061661655974875633165533184)
samples/sign: 200000

PASS d=21783909653724663736098046145265346760386 off=20812426965163910446822074780147113367894 gap_tail=238 px_tail=560 py_tail=702
PASS d=21787394162584478445037455798293713208642 off=20815911474023725155761484433175479816150 gap_tail=196 px_tail=054 py_tail=352
PASS d=21794798743911584701533701310978991911186 off=20823316055350831412257729945860758518694 gap_tail=697 px_tail=612 py_tail=535
PASS d=21816849151540099656540903021549123341556 off=20845366462979346367264931656430889949064 gap_tail=296 px_tail=379 py_tail=281
PASS d=21822130360280756324777195776920241239694 off=20850647671720003035501224411802007847202 gap_tail=070 px_tail=789 py_tail=517
PASS d=21823110378397579211666404741834469303266 off=20851627689836825922390433376716235910774 gap_tail=736 px_tail=832 py_tail=402
PASS d=21835306159406930692954338527433751872162 off=20863823470846177403678367162315518479670 gap_tail=880 px_tail=650 py_tail=951
PASS d=21836395068425622789497904044005116387242 off=20864912379864869500221932678886882994750 gap_tail=214 px_tail=708 py_tail=595
PASS d=21839552904579829869474244042062073480974 off=20868070216019076580198272676943840088482 gap_tail=541 px_tail=574 py_tail=665
PASS d=21841948504420952481870088178519075414150 off=20870465815860199192594116813400842021658 gap_tail=994 px_tail=060 py_tail=198
PASS d=21852347585549462003861138861775606533164 off=20880864896988708714585167496657373140672 gap_tail=385 px_tail=282 py_tail=950
PASS d=21865468939224701767211103336460548939878 off=20893986250663948477935131971342315547386 gap_tail=729 px_tail=724 py_tail=931
PASS d=21866993411850870702372095059660459260990 off=20895510723290117413096123694542225868498 gap_tail=221 px_tail=612 py_tail=687
PASS d=21868790111731712661668978162003210710872 off=20897307423170959372393006796884977318380 gap_tail=004 px_tail=528 py_tail=738
PASS d=21869606793495731734076652299431734097182 off=20898124104934978444800680934313500704690 gap_tail=187 px_tail=604 py_tail=681
PASS d=21876194693058818918165223674688489413416 off=20904712004498065628889252309570256020924 gap_tail=638 px_tail=919 py_tail=495
PASS d=21877828056586857062980571949545536186036 off=20906345368026103773704600584427302793544 gap_tail=256 px_tail=082 py_tail=527
PASS d=21879025856507418369178494017774037152624 off=20907543167946665079902522652655803760132 gap_tail=269 px_tail=354 py_tail=688
PASS d=21891929428378919713219745389144706656322 off=20920446739818166423943774024026473263830 gap_tail=443 px_tail=666 py_tail=875
PASS d=21900586255077521880741091245887054551208 off=20929103566516768591465119880768821158716 gap_tail=690 px_tail=413 py_tail=423
PASS d=21902056282252756211074904693258396646566 off=20930573593692002921798933328140163254074 gap_tail=360 px_tail=939 py_tail=272
PASS d=21904887445701355662088175036343944385774 off=20933404757140602372812203671225710993282 gap_tail=528 px_tail=159 py_tail=248
PASS d=21909841981736404701361398136743652929388 off=20938359293175651412085426771625419536896 gap_tail=906 px_tail=207 py_tail=875
PASS d=21910059763540143120670111240057925832404 off=20938577074979389831394139874939692439912 gap_tail=190 px_tail=384 py_tail=482
PASS d=21912945372439677176510559858972041797366 off=20941462683878923887234588493853808404874 gap_tail=234 px_tail=614 py_tail=719
PASS d=21917355453965380167512000201086068083440 off=20945872765404626878236028835967834690948 gap_tail=035 px_tail=419 py_tail=034
PASS d=21918389917533137659228387441828864372766 off=20946907228972384369952416076710630980274 gap_tail=985 px_tail=840 py_tail=909
PASS d=21921547753687344739204727439885821466498 off=20950065065126591449928756074767588074006 gap_tail=285 px_tail=807 py_tail=513
PASS d=21929877907680339277763003641656760006860 off=20958395219119585988487032276538526614368 gap_tail=142 px_tail=696 py_tail=591
PASS d=21935758016381276599098257431142128388292 off=20964275327820523309822286066023894995800 gap_tail=263 px_tail=991 py_tail=634
PASS d=21937990279869595397012566740113425644206 off=20966507591308842107736595374995192251714 gap_tail=358 px_tail=021 py_tail=250
PASS d=21939460307044829727346380187484767739564 off=20967977618484076438070408822366534347072 gap_tail=896 px_tail=224 py_tail=973
PASS d=21950893851741096741053818111484095147904 off=20979411163180343451777846746365861755412 gap_tail=933 px_tail=336 py_tail=565
PASS d=21953779460640630796894266730398211112866 off=20982296772079877507618295365279977720374 gap_tail=418 px_tail=736 py_tail=562
PASS d=21954759478757453683783475695312439176438 off=20983276790196700394507504330194205783946 gap_tail=825 px_tail=862 py_tail=653
PASS d=21961292932869606263044868794740626266918 off=20989810244308852973768897429622392874426 gap_tail=928 px_tail=957 py_tail=552
PASS d=21962545178241102174069969138797695459260 off=20991062489680348884793997773679462066768 gap_tail=144 px_tail=631 py_tail=582
PASS d=21971256450390638946418493271368611579900 off=20999773761829885657142521906250378187408 gap_tail=256 px_tail=220 py_tail=212
PASS d=21977898795404660735334242922453935121888 off=21006416106843907446058271557335701729396 gap_tail=237 px_tail=543 py_tail=106
PASS d=21978552140815875993260382232396753830936 off=21007069452255122703984410867278520438444 gap_tail=228 px_tail=351 py_tail=539
PASS d=21981982204224756097372613609596552053438 off=21010499515664002808096642244478318660946 gap_tail=940 px_tail=022 py_tail=487
PASS d=21983343340498121218052070505310757697288 off=21011860651937367928776099140192524304796 gap_tail=792 px_tail=215 py_tail=268
PASS d=22003760384598598028243923941023842355038 off=21032277696037844738967952575905608962546 gap_tail=525 px_tail=357 py_tail=294
PASS d=22004304839107944076515706699309524612578 off=21032822150547190787239735334191291220086 gap_tail=352 px_tail=227 py_tail=677
PASS d=22013070556708415453691409107709008958972 off=21041587868147662164415437742590775566480 gap_tail=357 px_tail=901 py_tail=068
PASS d=22014050574825238340580618072623237022544 off=21042567886264485051304646707505003630052 gap_tail=959 px_tail=135 py_tail=279
PASS d=22019549565369633428125623931308627823698 off=21048066876808880138849652566190394431206 gap_tail=768 px_tail=735 py_tail=976
PASS d=22023905201444401814299885997594085884018 off=21052422512883648525023914632475852491526 gap_tail=376 px_tail=421 py_tail=529
PASS d=22033977609867303707327867025879207648508 off=21062494921306550418051895660760974256016 gap_tail=397 px_tail=720 py_tail=361
PASS d=22038659918647679722465198747136075063352 off=21067177230086926433189227382017841670860 gap_tail=586 px_tail=497 py_tail=008

tested=4787 passed_filter=50
log -> C:\Users\mitch\Desktop\secp256k1\ARCHIVE\cloud_pages\p135_n_transport_hunt.log
