=== cross-delta F97 on P135 (no fixed P135 target) ===
  nibble 0: offset=(-67,-94)
  nibble 1: offset=(18,15)
  nibble 2: offset=(-67,-94)
  nibble 3: offset=(-67,-94)
  nibble 4: offset=(-67,-94)
  nibble 5: offset=(-67,-94)
  nibble 6: offset=(-67,-94)
  nibble 7: offset=(-67,-94)
cross F97 stitched=f897c60d
cross full lift=20805bb705259f04f28b88cf897c60dc9
f897 lift=20805bb705259f04f28b88cf897c603c9
anchors=16 scroll=±500000
  f897/68-b8: 0000000000000000000000000000006880588705259f04f28888cf897c603c90
  cross/68-b8: 0000000000000000000000000000006880588705259f04f28888cf897c60dc90
  f897/68-b8+t1: 0000000000000000000000000000006880588705259f04f28888cf8ae6aa3da1
  cross/68-b8+t1: 0000000000000000000000000000006880588705259f04f28888cf8ae6b07da1
  f897/68-b8+t1: 0000000000000000000000000000006880588705259f04f28888cf977950d9a1
  cross/68-b8+t1: 0000000000000000000000000000006880588705259f04f28888cf97795719a1
scroll 1/4 f897/68-b8
scroll 2/4 cross/68-b8
scroll 3/4 f897/68-b8+t1
scroll 4/4 cross/68-b8+t1
DONE no hit tested~4000032 elapsed=1404.4s
