=== P130 segment offsets (except F97C03) ===
  33E7: offset=(-40, 0)
  665: offset=(-40, 0)
  70: offset=(-40, -40)
  53: offset=(-40, -13)
  59F04F28B: offset=(-80, -80)
  88C: offset=(-80, -80)
  C9: offset=(-80, -80)

=== P130 F97C03 per-nibble calibration ===
target=f897c603
  nibble 0 'f': offset=(-72,-59)
  nibble 1 '8': offset=(4,4)
  nibble 2 '9': offset=(-72,-59)
  nibble 3 '7': offset=(-72,-59)
  nibble 4 'c': offset=(-72,-59)
  nibble 5 '6': offset=(-72,-59)
  nibble 6 '0': offset=(-72,-59)
  nibble 7 '3': offset=(-72,-59)
stitched F97=f897c603 ok=True
P130 full lift=33e7665705359f04f28b88cf897c603c9
P130 match=True

=== P135 apply (per-nibble F97 offsets from P130) ===
P135 lift (P130 nib offsets)=20805bb705259f04f28b88cf0979100c9
P135 F97 target f897c603: stitched=f897c603
  nibble 0 'f': offset=(18,15)
  nibble 1 '8': offset=(18,15)
  nibble 2 '9': offset=(18,15)
  nibble 3 '7': offset=(18,15)
  nibble 4 'c': offset=(18,15)
  nibble 5 '6': offset=(-67,-120)
  nibble 6 '0': offset=(18,15)
  nibble 7 '3': offset=(18,15)
  full lift=20805bb705259f04f28b88cf897c603c9
P135 F97 target f0979100: stitched=f0979100
  nibble 0 'f': offset=(-72,-59)
  nibble 1 '0': offset=(-72,-59)
  nibble 2 '9': offset=(-72,-59)
  nibble 3 '7': offset=(-72,-59)
  nibble 4 '9': offset=(-72,-59)
  nibble 5 '1': offset=(-72,-59)
  nibble 6 '0': offset=(-72,-59)
  nibble 7 '0': offset=(-72,-59)
  full lift=20805bb705259f04f28b88cf0979100c9
P135 F97 target f8979100: stitched=f8979100
  nibble 0 'f': offset=(-72,-59)
  nibble 1 '8': offset=(-31,-59)
  nibble 2 '9': offset=(-72,-59)
  nibble 3 '7': offset=(-72,-59)
  nibble 4 '9': offset=(-72,-59)
  nibble 5 '1': offset=(-72,-59)
  nibble 6 '0': offset=(-72,-59)
  nibble 7 '0': offset=(-72,-59)
  full lift=20805bb705259f04f28b88cf8979100c9
--- EC lane68 [p130offs] ---
lane68 candidates=7
  68-b8: 0000000000000000000000000000006880588705259f04f28888cf0979100c90
  68-b8+t1: 0000000000000000000000000000006880588705259f04f28888cf0b488639a1
  68-b8+t1: 0000000000000000000000000000006880588705259f04f28888cf17db2cd5a1
  68-b8+t1: 0000000000000000000000000000006880588705259f04f28888cf9595aeeda1
  68: 00000000000000000000000000000068805bb705259f04f28b88cf0979100c90
  68+t1: 00000000000000000000000000000068805bb705259f04f28b88cf09879d81a1
  68+t1: 00000000000000000000000000000068805bb705259f04f28b88cf161a441da1
--- EC lane68 [f897c603] ---
lane68 candidates=8
  68-b8: 0000000000000000000000000000006880588705259f04f28888cf897c603c90
  68-b8+t1: 0000000000000000000000000000006880588705259f04f28888cf8ae6aa3da1
  68-b8+t1: 0000000000000000000000000000006880588705259f04f28888cf977950d9a1
  68-b8+t1: 0000000000000000000000000000006880588705259f04f28888cfac6dbbdda1
  68: 00000000000000000000000000000068805bb705259f04f28b88cf897c603c90
  68+t1: 00000000000000000000000000000068805bb705259f04f28b88cf8b3e329fa1
  68+t1: 00000000000000000000000000000068805bb705259f04f28b88cf95b86821a1
  68+t1: 00000000000000000000000000000068805bb705259f04f28b88cffe7e7f35a1
--- EC lane68 [f0979100] ---
lane68 candidates=7
--- EC lane68 [f8979100] ---
lane68 candidates=8
  68-b8: 0000000000000000000000000000006880588705259f04f28888cf8979100c90
  68-b8+t1: 0000000000000000000000000000006880588705259f04f28888cf8ac5885da1
  68-b8+t1: 0000000000000000000000000000006880588705259f04f28888cf97582ef9a1
  68-b8+t1: 0000000000000000000000000000006880588705259f04f28888cfac4c99fda1
  68: 00000000000000000000000000000068805bb705259f04f28b88cf8979100c90
  68+t1: 00000000000000000000000000000068805bb705259f04f28b88cf8b1d10bfa1
  68+t1: 00000000000000000000000000000068805bb705259f04f28b88cf95974641a1
  68+t1: 00000000000000000000000000000068805bb705259f04f28b88cffe5d5d55a1
DONE no hit tested=46 elapsed=21.5s
