V=59450174081283062889886570312404 bits=106 hex=2ee5ddf69b66d1cebca3f28f2d4
segment59 pattern len=59
=== scalar EC ===
=== segment 59F04F28B offset sweeps ===
  59,450 xo=59 yo=450 seg=59f04f28b lift=20805bb705259f04f28b88cf897c603c9
  174,81 xo=174 yo=81 seg=59f04f28b lift=20805bb705259f04f28b88cf897c603c9
  283,62 xo=283 yo=62 seg=59f04f28b lift=20805bb705259f04f28b88cf897c603c9
  889,886 xo=889 yo=886 seg=59f04f28b lift=20805bb705259f04f28b88cf897c603c9
  570,312 xo=570 yo=312 seg=59f04f28b lift=20805bb705259f04f28b88cf897c603c9
  404,0 xo=404 yo=0 seg=df12ca00d lift=20805bb7052df12ca00d88cf897c603c9
  V%plen,(V//plen)%plen xo=39 yo=26 seg=c7128f28b lift=20805bb7052c7128f28b88cf897c603c9
  450,59 xo=450 yo=59 seg=59f04f28b lift=20805bb705259f04f28b88cf897c603c9
=== fixed segment injection ===
  inject dec9 -> 20805bb705259450174088cf897c603c9
  inject dec9_tail -> 20805bb705257031240488cf897c603c9
  inject hex9 -> 20805bb70522ee5ddf6988cf897c603c9
  inject hex9_tail -> 20805bb7052a3f28f2d488cf897c603c9
  inject 59f04f28b -> 20805bb705259f04f28b88cf897c603c9
  inject parts_hex -> 20805bb70523b1c2ae5188cf897c603c9
  lane68_base 68805bb705259f04f28b88cf897c603c9
  lane59_base 59805bb705259f04f28b88cf897c603c9
DONE no hit (181 d tried)
