=== UNSOLVED BATCH N-GAP TRANSPORT HUNT ===
puzzles: [135, 140, 145, 150, 155, 160]
samples/sign: 200000  head: 2

=== P135 N-GAP HUNT ===
  rx tail ...368  (hashkeys RSZ r -> R (puzzle 135 spend tx))
  lhs (x^3+4) mod N tail ...768
  rhs (y^2-3) mod N tail ...962
  anchor gap tail ...194 head2=14 head3=148
  shelf2 bits 135  band [21778071482940061661655974875633165533184, 43556142965880123323311949751266331066368)
  filter: gap head2
  pass d=25067298700269299394328256205184548560007 off=-10891703568565826467359722953416425828538 gap_tail=294
  pass d=25065338664035653620549838275356092432863 off=-10893663604799472241138140883244881955682 gap_tail=363
  pass d=25061473037019296677820180691527748404329 off=-10897529231815829183867798467073225984216 gap_tail=911
  pass d=25055157364710882517867500695413834216865 off=-10903844904124243343820478463187140171680 gap_tail=917
  pass d=25044703838131438391049271736328734872097 off=-10914298430703687470638707422272239516448 gap_tail=072
  tested=3834 passed=25 ec_hits=0

=== P140 N-GAP HUNT ===
  rx tail ...000  (hashkeys RSZ r -> R (puzzle 140 spend tx))
  lhs (x^3+4) mod N tail ...943
  rhs (y^2-3) mod N tail ...962
  anchor gap tail ...356 head2=11 head3=110
  shelf2 bits 140  band [696898287454081973172991196020261297061888, 1393796574908163946345982392040522594123776)
  filter: gap head2
  pass d=1062554749152540407991215665072714701011127 off=348485731070069041030359399366928496238262 gap_tail=828
  pass d=1062573913951269388890382418164370716476865 off=348504895868798021929526152458584511704000 gap_tail=526
  pass d=1062641861874035775714700906398423862219027 off=348572843791564408753844640692637657446162 gap_tail=086
  pass d=1062654057655045127195988840184023144788133 off=348585039572573760235132574478236940015268 gap_tail=827
  pass d=1062702840779082533121140575326420275064557 off=348633822696611166160284309620634070291692 gap_tail=938
  tested=479 passed=25 ec_hits=0

=== P145 N-GAP HUNT ===
  rx tail ...203  (hashkeys RSZ r -> R (puzzle 145 spend tx))
  lhs (x^3+4) mod N tail ...794
  rhs (y^2-3) mod N tail ...962
  anchor gap tail ...505 head2=62 head3=629
  shelf2 bits 145  band [22300745198530623141535718272648361505980416, 44601490397061246283071436545296723011960832)
  filter: gap head2
  pass d=40761572556935954541697696391909227800509984 off=11151208881391667100913317453050988700586408 gap_tail=868
  pass d=40761962821928253789098910273048404842721544 off=11151599146383966348314531334190165742797968 gap_tail=575
  pass d=40764025651173264096791040787641197780125504 off=11153661975628976656006661848782958680201928 gap_tail=607
  pass d=40765307950433675909680743539955636633106344 off=11154944274889388468896364601097397533182768 gap_tail=883
  pass d=40765586711142461086395896312197905948971744 off=11155223035598173645611517373339666849048168 gap_tail=217
  tested=1992 passed=25 ec_hits=0

=== P150 N-GAP HUNT ===
  rx tail ...479  (hashkeys RSZ r -> R (puzzle 150 spend tx))
  lhs (x^3+4) mod N tail ...264
  rhs (y^2-3) mod N tail ...962
  anchor gap tail ...035 head2=10 head3=105
  shelf2 bits 150  band [713623846352979940529142984724747568191373312, 1427247692705959881058285969449495136382746624)
  filter: gap head2
  pass d=943859236007508642916566423558770413937991166 off=-356822627587707321050433358816476925824918172 gap_tail=730
  pass d=943855667870436192654612468074069366694913994 off=-356826195724779771312387314301177973067995344 gap_tail=352
  pass d=943852099733363742392658512589368319451836822 off=-356829763861852221574341269785879020311072516 gap_tail=601
  pass d=943830690910929040820934779681162035993373790 off=-356851172684286923146065002694085303769535548 gap_tail=818
  pass d=943821770568247915166049890969409417885680860 off=-356860093026968048800949891405837921877228478 gap_tail=284
  tested=186 passed=25 ec_hits=0

=== P155 N-GAP HUNT ===
  rx tail ...452  (hashkeys RSZ r -> R (puzzle 155 spend tx))
  lhs (x^3+4) mod N tail ...055
  rhs (y^2-3) mod N tail ...962
  anchor gap tail ...244 head2=69 head3=690
  shelf2 bits 155  band [22835963083295358096932575511191922182123945984, 45671926166590716193865151022383844364247891968)
  filter: gap head2
  pass d=42809811917700304295961905561962438351232161078 off=11418324082806634273613867482127261626397381528 gap_tail=838
  pass d=42810953721563488379787171317066773469016856198 off=11419465886669818357439133237231596744182076648 gap_tail=913
  pass d=42817576183969956065973712696671917152168087894 off=11426088349076286043625674616836740427333308344 gap_tail=053
  pass d=42830706928396573029964268880371771006692081774 off=11439219093502903007616230800536594281857302224 gap_tail=765
  pass d=42835331234042468569456595188544328233720097010 off=11443843399148798547108557108709151508885317460 gap_tail=856
  tested=2637 passed=25 ec_hits=0

=== P160 N-GAP HUNT ===
  rx tail ...020  (hashkeys RSZ r -> R (puzzle 160 spend tx))
  lhs (x^3+4) mod N tail ...898
  rhs (y^2-3) mod N tail ...962
  anchor gap tail ...401 head2=73 head3=733
  shelf2 bits 160  band [730750818665451459101842416358141509827966271488, 1461501637330902918203684832716283019655932542976)
  filter: gap head2
  pass d=1009865707855697800122368816117346130622417638654 off=-365380889991269013153282483803571563479349672323 gap_tail=342
  pass d=1009715903188848048324493949047657363169065638828 off=-365530694658118764951157350873260330932701672149 gap_tail=158
  pass d=1009346872180266952432168056997936253101052175842 off=-365899725666699860843483242922981441000715135135 gap_tail=569
  pass d=1009140434041803270076560008475072463805579298033 off=-366106163805163543199091291445845230296188012944 gap_tail=192
  pass d=1008179491910547545129216348979264028677979884515 off=-367067105936419268146434950941653665423787426462 gap_tail=412
  tested=2761 passed=25 ec_hits=0

=== SUMMARY ===
  P135: passed=25 ec_hits=0
  P140: passed=25 ec_hits=0
  P145: passed=25 ec_hits=0
  P150: passed=25 ec_hits=0
  P155: passed=25 ec_hits=0
  P160: passed=25 ec_hits=0
csv -> C:\Users\mitch\Desktop\secp256k1\ARCHIVE\unsolved_n_gap_transport_hunt.csv
log -> C:\Users\mitch\Desktop\secp256k1\ARCHIVE\cloud_pages\unsolved_n_gap_transport_hunt.log
