20:25:44 Phase 1: 1612 kanga direct EC
20:25:44 Phase 2: shelf2 scroll center=34177874607185209240959510548854573207329 radius=10,000,000
20:29:00   shelf2 d=34177874607185209240959510548854563707329 rate=5120/s
20:32:17   shelf2 d=34177874607185209240959510548854564207329 rate=5090/s
20:35:28   shelf2 d=34177874607185209240959510548854564707329 rate=5139/s
20:38:42   shelf2 d=34177874607185209240959510548854565207329 rate=5145/s
20:41:52   shelf2 d=34177874607185209240959510548854565707329 rate=5168/s
20:45:01   shelf2 d=34177874607185209240959510548854566207329 rate=5189/s
20:48:26   shelf2 d=34177874607185209240959510548854566707329 rate=5140/s
20:51:56   shelf2 d=34177874607185209240959510548854567207329 rate=5091/s
20:55:30   shelf2 d=34177874607185209240959510548854567707329 rate=5041/s
20:58:52   shelf2 d=34177874607185209240959510548854568207329 rate=5032/s
21:01:51   shelf2 d=34177874607185209240959510548854568707329 rate=5077/s
21:04:47   shelf2 d=34177874607185209240959510548854569207329 rate=5123/s
21:07:43   shelf2 d=34177874607185209240959510548854569707329 rate=5162/s
21:10:41   shelf2 d=34177874607185209240959510548854570207329 rate=5191/s
21:14:00   shelf2 d=34177874607185209240959510548854570707329 rate=5180/s
21:16:59   shelf2 d=34177874607185209240959510548854571207329 rate=5203/s
21:20:06   shelf2 d=34177874607185209240959510548854571707329 rate=5212/s
21:23:04   shelf2 d=34177874607185209240959510548854572207329 rate=5233/s
21:25:55   shelf2 d=34177874607185209240959510548854572707329 rate=5262/s
21:28:48   shelf2 d=34177874607185209240959510548854573207329 rate=5286/s
21:31:38   shelf2 d=34177874607185209240959510548854573707329 rate=5311/s
21:34:28   shelf2 d=34177874607185209240959510548854574207329 rate=5335/s
21:37:31   shelf2 d=34177874607185209240959510548854574707329 rate=5341/s
21:40:48   shelf2 d=34177874607185209240959510548854575207329 rate=5329/s
21:43:49   shelf2 d=34177874607185209240959510548854575707329 rate=5336/s
21:46:51   shelf2 d=34177874607185209240959510548854576207329 rate=5342/s
21:49:51   shelf2 d=34177874607185209240959510548854576707329 rate=5350/s
21:52:47   shelf2 d=34177874607185209240959510548854577207329 rate=5362/s
21:55:40   shelf2 d=34177874607185209240959510548854577707329 rate=5375/s
21:58:34   shelf2 d=34177874607185209240959510548854578207329 rate=5386/s
22:01:24   shelf2 d=34177874607185209240959510548854578707329 rate=5401/s
22:04:16   shelf2 d=34177874607185209240959510548854579207329 rate=5413/s
22:07:09   shelf2 d=34177874607185209240959510548854579707329 rate=5423/s
22:10:07   shelf2 d=34177874607185209240959510548854580207329 rate=5429/s
22:13:03   shelf2 d=34177874607185209240959510548854580707329 rate=5436/s
22:15:59   shelf2 d=34177874607185209240959510548854581207329 rate=5442/s
22:18:54   shelf2 d=34177874607185209240959510548854581707329 rate=5450/s
22:21:49   shelf2 d=34177874607185209240959510548854582207329 rate=5456/s
22:24:44   shelf2 d=34177874607185209240959510548854582707329 rate=5462/s
22:27:40   shelf2 d=34177874607185209240959510548854583207329 rate=5468/s
22:27:40 Phase 3: kanga local radius=50,000 x 1612 seeds
23:27:19   kanga seed 100/1612 tested=60203428
00:27:15   kanga seed 200/1612 tested=80203628
01:26:25   kanga seed 300/1612 tested=100203828
02:24:15   kanga seed 400/1612 tested=120204028
03:36:00   kanga seed 500/1612 tested=140204228
04:38:08   kanga seed 600/1612 tested=160204428
05:41:03   kanga seed 700/1612 tested=180204628
06:41:25   kanga seed 800/1612 tested=200204828
07:42:22   kanga seed 900/1612 tested=220205028
08:42:09   kanga seed 1000/1612 tested=240205228
09:44:12   kanga seed 1100/1612 tested=260205428
10:45:05   kanga seed 1200/1612 tested=280205628
11:47:22   kanga seed 1300/1612 tested=300205828
12:51:51   kanga seed 1400/1612 tested=320206028
13:53:04   kanga seed 1500/1612 tested=340206228
14:51:47   kanga seed 1600/1612 tested=360206428
14:58:19 DONE no hit tested=362406450 elapsed=66755.2s rate=5429/s
